  Determining projects to restore...
  All projects are up-to-date for restore.
  NordicBeesERP -> /Users/deividasru/Projects/NordicBeesERP/bin/Debug/net10.0/NordicBeesERP.dll

Build succeeded.
    0 Warning(s)
    0 Error(s)

Time Elapsed 00:00:00.90
